Sep 25, 2025 5:53:37 PM ru.nsu.dunaev.console.ConsoleInt <init>
WARNING: Console initialized
Sep 25, 2025 5:55:33 PM ru.nsu.dunaev.console.ConsoleInt <init>
WARNING: Console initialized
Sep 25, 2025 5:55:33 PM ru.nsu.dunaev.Main main
INFO: Console.start
Sep 25, 2025 5:58:06 PM ru.nsu.dunaev.console.ConsoleInt <init>
WARNING: Console initialized
Sep 25, 2025 5:58:06 PM ru.nsu.dunaev.Main main
INFO: Console.start
Sep 25, 2025 5:58:15 PM ru.nsu.dunaev.console.ConsoleInt run
INFO: task created
Sep 25, 2025 6:02:18 PM ru.nsu.dunaev.console.ConsoleInt <init>
WARNING: Console initialized
Sep 25, 2025 6:02:18 PM ru.nsu.dunaev.Main main
INFO: Console.start
Sep 25, 2025 6:02:23 PM ru.nsu.dunaev.console.ConsoleInt run
INFO: add task
Sep 25, 2025 6:02:30 PM ru.nsu.dunaev.console.ConsoleInt run
INFO: task created
Sep 25, 2025 6:02:32 PM ru.nsu.dunaev.console.ConsoleInt run
INFO: task list
Sep 25, 2025 6:04:13 PM ru.nsu.dunaev.console.ConsoleInt <init>
WARNING: Console initialized
Sep 25, 2025 6:04:13 PM ru.nsu.dunaev.Main main
INFO: Console.start
Sep 25, 2025 6:04:17 PM ru.nsu.dunaev.console.ConsoleInt run
INFO: add task
Sep 25, 2025 6:04:22 PM ru.nsu.dunaev.console.ConsoleInt run
INFO: task created
Sep 25, 2025 6:04:24 PM ru.nsu.dunaev.console.ConsoleInt run
INFO: task list
Sep 25, 2025 6:04:24 PM ru.nsu.dunaev.realizations.TaskAnalyzer analyze
INFO: analyzing tasks
Sep 25, 2025 6:04:24 PM ru.nsu.dunaev.realizations.TaskAnalyzer analyze
INFO: 
Sep 25, 2025 6:04:44 PM ru.nsu.dunaev.console.ConsoleInt <init>
WARNING: Console initialized
Sep 25, 2025 6:04:44 PM ru.nsu.dunaev.Main main
INFO: Console.start
Sep 25, 2025 6:04:47 PM ru.nsu.dunaev.console.ConsoleInt run
INFO: add task
Sep 25, 2025 6:04:50 PM ru.nsu.dunaev.console.ConsoleInt run
INFO: task created
Sep 25, 2025 6:04:52 PM ru.nsu.dunaev.console.ConsoleInt run
INFO: task list
Sep 25, 2025 6:04:52 PM ru.nsu.dunaev.realizations.TaskAnalyzer analyze
INFO: analyzing tasks
Sep 25, 2025 6:04:52 PM ru.nsu.dunaev.realizations.TaskAnalyzer analyze
INFO: []
Sep 25, 2025 6:06:05 PM ru.nsu.dunaev.console.ConsoleInt <init>
WARNING: Console initialized
Sep 25, 2025 6:06:05 PM ru.nsu.dunaev.Main main
INFO: Console.start
Sep 25, 2025 6:06:08 PM ru.nsu.dunaev.console.ConsoleInt run
INFO: add task
Sep 25, 2025 6:06:12 PM ru.nsu.dunaev.console.ConsoleInt run
INFO: task created
Sep 25, 2025 6:06:13 PM ru.nsu.dunaev.console.ConsoleInt run
INFO: task list
Sep 25, 2025 6:06:13 PM ru.nsu.dunaev.taskManagment.TaskManager getAllTasks
INFO: getAllTasks
Sep 25, 2025 6:06:13 PM ru.nsu.dunaev.taskManagment.TaskManager getAllTasks
INFO: []
Sep 25, 2025 6:06:13 PM ru.nsu.dunaev.realizations.TaskAnalyzer analyze
INFO: analyzing tasks
Sep 25, 2025 6:07:22 PM ru.nsu.dunaev.console.ConsoleInt <init>
WARNING: Console initialized
Sep 25, 2025 6:07:22 PM ru.nsu.dunaev.Main main
INFO: Console.start
Sep 25, 2025 6:07:26 PM ru.nsu.dunaev.console.ConsoleInt run
INFO: add task
Sep 25, 2025 6:07:30 PM ru.nsu.dunaev.console.ConsoleInt run
WARNING: TypeRef: false
Sep 25, 2025 6:07:30 PM ru.nsu.dunaev.console.ConsoleInt run
INFO: task created
Sep 25, 2025 6:07:39 PM ru.nsu.dunaev.console.ConsoleInt <init>
WARNING: Console initialized
Sep 25, 2025 6:07:39 PM ru.nsu.dunaev.Main main
INFO: Console.start
Sep 25, 2025 6:07:41 PM ru.nsu.dunaev.console.ConsoleInt run
INFO: add task
Sep 25, 2025 6:07:45 PM ru.nsu.dunaev.console.ConsoleInt run
WARNING: TypeRef: T
Sep 25, 2025 6:07:45 PM ru.nsu.dunaev.console.ConsoleInt run
INFO: task created
Sep 25, 2025 6:12:07 PM ru.nsu.dunaev.console.ConsoleInt <init>
WARNING: Console initialized
Sep 25, 2025 6:12:07 PM ru.nsu.dunaev.Main main
INFO: Console.start
Sep 25, 2025 6:12:10 PM ru.nsu.dunaev.console.ConsoleInt run
INFO: add task
Sep 25, 2025 6:12:15 PM ru.nsu.dunaev.console.ConsoleInt run
INFO: task created
Sep 25, 2025 6:12:17 PM ru.nsu.dunaev.console.ConsoleInt run
INFO: task list
Sep 25, 2025 6:12:17 PM ru.nsu.dunaev.taskManagment.TaskManager getAllTasks
INFO: getAllTasks
Sep 25, 2025 6:12:17 PM ru.nsu.dunaev.taskManagment.TaskManager getAllTasks
INFO: []
Sep 25, 2025 6:12:17 PM ru.nsu.dunaev.realizations.TaskAnalyzer analyze
INFO: analyzing tasks
Sep 25, 2025 6:12:54 PM ru.nsu.dunaev.console.ConsoleInt <init>
WARNING: Console initialized
Sep 25, 2025 6:12:54 PM ru.nsu.dunaev.Main main
INFO: Console.start
Sep 25, 2025 6:12:57 PM ru.nsu.dunaev.console.ConsoleInt run
INFO: add task
Sep 25, 2025 6:14:55 PM ru.nsu.dunaev.console.ConsoleInt <init>
WARNING: Console initialized
Sep 25, 2025 6:14:55 PM ru.nsu.dunaev.Main main
INFO: Console.start
Sep 25, 2025 6:14:59 PM ru.nsu.dunaev.console.ConsoleInt run
INFO: add task
Sep 25, 2025 6:15:02 PM ru.nsu.dunaev.console.ConsoleInt run
INFO: task created
Sep 25, 2025 6:15:04 PM ru.nsu.dunaev.console.ConsoleInt run
INFO: task list
Sep 25, 2025 6:15:04 PM ru.nsu.dunaev.taskManagment.TaskManager getAllTasks
INFO: getAllTasks
Sep 25, 2025 6:15:04 PM ru.nsu.dunaev.taskManagment.TaskManager getAllTasks
INFO: [ru.nsu.dunaev.taskManagment.Task@dda5d441]
Sep 25, 2025 6:15:04 PM ru.nsu.dunaev.realizations.TaskAnalyzer analyze
INFO: analyzing tasks
Sep 25, 2025 6:30:45 PM ru.nsu.dunaev.console.ConsoleInt <init>
WARNING: Console initialized
Sep 25, 2025 6:30:45 PM ru.nsu.dunaev.Main main
INFO: Console.start
Sep 25, 2025 6:30:50 PM ru.nsu.dunaev.console.ConsoleInt run
INFO: add task
Sep 25, 2025 6:30:56 PM ru.nsu.dunaev.console.ConsoleInt run
INFO: task created
Sep 25, 2025 6:30:58 PM ru.nsu.dunaev.console.ConsoleInt run
INFO: task list
Sep 25, 2025 6:30:58 PM ru.nsu.dunaev.taskManagment.TaskManager getAllTasks
INFO: getAllTasks
Sep 25, 2025 6:30:58 PM ru.nsu.dunaev.taskManagment.TaskManager getAllTasks
INFO: [ru.nsu.dunaev.taskManagment.Task@232c3e8e]
Sep 25, 2025 6:30:58 PM ru.nsu.dunaev.realizations.TaskAnalyzer analyze
INFO: analyzing tasks
Sep 25, 2025 6:31:00 PM ru.nsu.dunaev.console.ConsoleInt run
INFO: add task
Sep 25, 2025 6:31:07 PM ru.nsu.dunaev.console.ConsoleInt run
INFO: task created
Sep 25, 2025 6:31:09 PM ru.nsu.dunaev.console.ConsoleInt run
INFO: task list
Sep 25, 2025 6:31:09 PM ru.nsu.dunaev.taskManagment.TaskManager getAllTasks
INFO: getAllTasks
Sep 25, 2025 6:31:09 PM ru.nsu.dunaev.taskManagment.TaskManager getAllTasks
INFO: [ru.nsu.dunaev.taskManagment.Task@232c3e8e, ru.nsu.dunaev.taskManagment.Task@7123eb3a]
Sep 25, 2025 6:31:09 PM ru.nsu.dunaev.realizations.TaskAnalyzer analyze
INFO: analyzing tasks
Sep 25, 2025 6:31:28 PM ru.nsu.dunaev.console.ConsoleInt run
INFO: task list
Sep 25, 2025 6:31:28 PM ru.nsu.dunaev.taskManagment.TaskManager getAllTasks
INFO: getAllTasks
Sep 25, 2025 6:31:28 PM ru.nsu.dunaev.taskManagment.TaskManager getAllTasks
INFO: [ru.nsu.dunaev.taskManagment.Task@232c3e8e, ru.nsu.dunaev.taskManagment.Task@7123eb3a]
Sep 25, 2025 6:31:28 PM ru.nsu.dunaev.realizations.TaskAnalyzer analyze
INFO: analyzing tasks
Sep 25, 2025 6:31:30 PM ru.nsu.dunaev.console.ConsoleInt run
INFO: task list
Sep 25, 2025 6:31:30 PM ru.nsu.dunaev.taskManagment.TaskManager getAllTasks
INFO: getAllTasks
Sep 25, 2025 6:31:30 PM ru.nsu.dunaev.taskManagment.TaskManager getAllTasks
INFO: [ru.nsu.dunaev.taskManagment.Task@232c3e8e, ru.nsu.dunaev.taskManagment.Task@7123eb3a]
Sep 25, 2025 6:31:30 PM ru.nsu.dunaev.realizations.TaskAnalyzer analyze
INFO: analyzing tasks
Sep 25, 2025 6:31:38 PM ru.nsu.dunaev.console.ConsoleInt run
INFO: add task
Sep 25, 2025 6:31:44 PM ru.nsu.dunaev.console.ConsoleInt run
INFO: task created
Sep 25, 2025 6:31:48 PM ru.nsu.dunaev.console.ConsoleInt run
INFO: task list
Sep 25, 2025 6:31:48 PM ru.nsu.dunaev.taskManagment.TaskManager getAllTasks
INFO: getAllTasks
Sep 25, 2025 6:31:48 PM ru.nsu.dunaev.taskManagment.TaskManager getAllTasks
INFO: [ru.nsu.dunaev.taskManagment.Task@232c3e8e, ru.nsu.dunaev.taskManagment.Task@509de63c, ru.nsu.dunaev.taskManagment.Task@7123eb3a]
Sep 25, 2025 6:31:48 PM ru.nsu.dunaev.realizations.TaskAnalyzer analyze
INFO: analyzing tasks
Sep 25, 2025 6:31:50 PM ru.nsu.dunaev.console.ConsoleInt run
INFO: task list
Sep 25, 2025 6:31:50 PM ru.nsu.dunaev.taskManagment.TaskManager getAllTasks
INFO: getAllTasks
Sep 25, 2025 6:31:50 PM ru.nsu.dunaev.taskManagment.TaskManager getAllTasks
INFO: [ru.nsu.dunaev.taskManagment.Task@232c3e8e, ru.nsu.dunaev.taskManagment.Task@509de63c, ru.nsu.dunaev.taskManagment.Task@7123eb3a]
Sep 25, 2025 6:31:50 PM ru.nsu.dunaev.realizations.TaskAnalyzer analyze
INFO: analyzing tasks
Sep 25, 2025 6:31:51 PM ru.nsu.dunaev.console.ConsoleInt run
INFO: task list
Sep 25, 2025 6:31:51 PM ru.nsu.dunaev.taskManagment.TaskManager getAllTasks
INFO: getAllTasks
Sep 25, 2025 6:31:51 PM ru.nsu.dunaev.taskManagment.TaskManager getAllTasks
INFO: [ru.nsu.dunaev.taskManagment.Task@232c3e8e, ru.nsu.dunaev.taskManagment.Task@509de63c, ru.nsu.dunaev.taskManagment.Task@7123eb3a]
Sep 25, 2025 6:31:51 PM ru.nsu.dunaev.realizations.TaskAnalyzer analyze
INFO: analyzing tasks
Sep 25, 2025 6:31:51 PM ru.nsu.dunaev.console.ConsoleInt run
INFO: task list
Sep 25, 2025 6:31:51 PM ru.nsu.dunaev.taskManagment.TaskManager getAllTasks
INFO: getAllTasks
Sep 25, 2025 6:31:51 PM ru.nsu.dunaev.taskManagment.TaskManager getAllTasks
INFO: [ru.nsu.dunaev.taskManagment.Task@232c3e8e, ru.nsu.dunaev.taskManagment.Task@509de63c, ru.nsu.dunaev.taskManagment.Task@7123eb3a]
Sep 25, 2025 6:31:51 PM ru.nsu.dunaev.realizations.TaskAnalyzer analyze
INFO: analyzing tasks
Sep 25, 2025 6:31:53 PM ru.nsu.dunaev.console.ConsoleInt run
INFO: task list
Sep 25, 2025 6:31:53 PM ru.nsu.dunaev.taskManagment.TaskManager getAllTasks
INFO: getAllTasks
Sep 25, 2025 6:31:53 PM ru.nsu.dunaev.taskManagment.TaskManager getAllTasks
INFO: [ru.nsu.dunaev.taskManagment.Task@232c3e8e, ru.nsu.dunaev.taskManagment.Task@509de63c, ru.nsu.dunaev.taskManagment.Task@7123eb3a]
Sep 25, 2025 6:31:53 PM ru.nsu.dunaev.realizations.TaskAnalyzer analyze
INFO: analyzing tasks
Sep 25, 2025 6:31:56 PM ru.nsu.dunaev.console.ConsoleInt run
INFO: task remove
Sep 25, 2025 6:31:56 PM ru.nsu.dunaev.taskManagment.TaskManager getAllTasks
INFO: getAllTasks
Sep 25, 2025 6:31:56 PM ru.nsu.dunaev.taskManagment.TaskManager getAllTasks
INFO: [ru.nsu.dunaev.taskManagment.Task@232c3e8e, ru.nsu.dunaev.taskManagment.Task@509de63c, ru.nsu.dunaev.taskManagment.Task@7123eb3a]
Sep 25, 2025 6:31:56 PM ru.nsu.dunaev.realizations.TaskAnalyzer analyze
INFO: analyzing tasks
